The number of lowercase letters is 26.
The number of uppercase letters is 26.
The average time of the calculating: 2.400000 clocks or 0.000002 seconds
