The number of lowercase letters is 0.
The number of uppercase letters is 1.
The average time of the calculating: 0.600000 clocks or 0.000001 seconds
