The number of lowercase letters is 1.
The number of uppercase letters is 0.
The average time of the calculating: 0.400000 clocks or 0.000000 seconds
