The number of lowercase letters is 26.
The number of uppercase letters is 26.
The average time of the calculating: 1.000000 clocks or 0.000001 seconds
