The number of lowercase letters is 26.
The number of uppercase letters is 26.
The average time of the calculating: 0.800000 clocks or 0.000001 seconds
